// Jest Snapshot v1, https://goo.gl/fbAQLP

exports[`App component renders App 1`] = `
<Fragment>
  <BrowserRouter>
    <Header />
    <div
      className="sketchContainer"
    >
      <Switch>
        <Route
          component={[Function]}
          exact={true}
          path="/"
        />
        <Route
          component={[Function]}
          path="/polaris"
        />
        <Route
          component={[Function]}
          path="/boxer"
        />
        <Route
          component={[Function]}
          path="/counter-rotate"
        />
        <Route
          component={[Function]}
          path="/hello-sketch"
        />
        <Route
          component={[Function]}
          path="/fractal-tree"
        />
        <Route
          component={[Function]}
          path="/dazed"
        />
        <Route
          component={[Function]}
          path="/shrink"
        />
      </Switch>
    </div>
  </BrowserRouter>
</Fragment>
`;
